$ /home/parupunte/cl-asm-gpu-20260914-1600/zisk/bin/ziskemu -e /home/parupunte/cl-asm-zisk-20260917/build/zisk/weigh-guest.elf -i /home/parupunte/cl-asm-zisk-20260917/build/zisk/inputs/current-only.bin -X -S
--- stdout
Loading symbols from ELF file: /home/parupunte/cl-asm-zisk-20260917/build/zisk/weigh-guest.elf
Loaded symbols from ELF file: heap 0x0 - 0x0 (0 bytes), ZISK_BUMP_HEAP_POS @ 0x0
Loaded 3 function symbols (0 marked as selected ROI)

REPORT                                  
----------------------------------------
STEPS                             74,408

COST DISTRIBUTION                   COST       %
------------------------------------------------
MAIN                           5,059,744   1.72%
OPCODES                        1,428,912   0.49%
PRECOMPILES                            0   0.00%
MEMORY                           606,714   0.21%
                        ------------------------
VARIABLE                       7,095,370   2.41%
BASE                         287,309,824  97.59%
                        ------------------------
TOTAL                        294,405,194 100.00%

FROPS                             22,472   0.32%
ROM USAGE                            474   0.01%

COST BY BASE OPCODE                COUNT       %            COST       %
------------------------------------------------------------------------
OP eq                              8,213  11.04%         492,780   6.95%
OP xor                             8,192  11.01%         491,520   6.93%
OP add                            24,124  32.42%         443,800   6.25%
OP ltu                                 5   0.01%             300   0.00%
OP srl                                 4   0.01%             224   0.00%
OP sll                                 3   0.00%             168   0.00%
OP and                                 2   0.00%             120   0.00%
OP pubout                             32   0.04%               0   0.00%
OP fcall_param                         2   0.00%               0   0.00%
OP fcall                               2   0.00%               0   0.00%

COST BY PRECOMPILED OPCODE           COUNT       %            COST       %
--------------------------------------------------------------------------

FROPS BY OPCODE                    COUNT    HIT            COST       %
-----------------------------------------------------------------------
FROP add                             588   2.38%          14,700   0.21%
FROP eq                               58   0.70%           3,480   0.05%
FROP srl                              28  87.50%           1,568   0.02%
FROP ltu                              14  73.68%             840   0.01%
FROP and                              11  84.62%             660   0.01%
FROP xor                              10   0.12%             600   0.01%
FROP sll                               9  75.00%             504   0.01%
FROP lt                                1 100.00%              60   0.00%
FROP or                                1 100.00%              60   0.00%

TOP STEP FUNCTIONS (STEPS, % STEPS, CALLS, STEPS/CALL, FUNCTION)
----------------------------------------------------------------
         74,223  99.75%          1          74,223 guest_main
            112   0.15%          1             112 weigh

TOP COST FUNCTIONS (COST, % VARIABLE COST, CALLS, COST/CALL, FUNCTION)
----------------------------------------------------------------------
      7,081,503  99.80%          1       7,081,503 guest_main
          8,575   0.12%          1           8,575 weigh


--- stderr

--- exit 0 wall 0.148s
