$ /home/parupunte/cl-asm-gpu-20260914-1600/zisk/bin/ziskemu -e /home/parupunte/cl-asm-zisk-20260917/build/zisk/weigh-guest.elf -i /home/parupunte/cl-asm-zisk-20260917/build/zisk/inputs/no-updates.bin -c
--- stdout
00000001
00000101
00000000
00000000
00000000
00000005
00000000
0000000b
00000000
00000016
00000000
00000021
00000000
0000002c
00000000
00000007
00000000
00000037
00000000
00000042
00000000
0000004d
00000000
00000058
00000000
00000000
00000000
00000063
00000000
0000006f
00000000
000000de
00000000
0000014d
00000000
00000060
00000000
00000000
00000000
00000000
00000000
55667788
11223344
00000000
00000007
00000000
00000037
00000000
00000042
00000000
0000004d
00000000
00000058
00000000
00000000
00000000
00000063
00000000
0000006f
00000000
000000de
00000000
0000014d
00000000

--- stderr

--- exit 0 wall 0.152s
