$ /home/parupunte/cl-asm-gpu-20260914-1600/zisk/bin/ziskemu -e /home/parupunte/cl-asm-zisk-20260917/build/zisk/weigh-guest.elf -i /home/parupunte/cl-asm-zisk-20260917/build/zisk/inputs/no-updates.bin -X -S
--- stdout
Loading symbols from ELF file: /home/parupunte/cl-asm-zisk-20260917/build/zisk/weigh-guest.elf
Loaded symbols from ELF file: heap 0x0 - 0x0 (0 bytes), ZISK_BUMP_HEAP_POS @ 0x0
Loaded 3 function symbols (0 marked as selected ROI)

REPORT                                  
----------------------------------------
STEPS                             74,390

COST DISTRIBUTION                   COST       %
------------------------------------------------
MAIN                           5,058,520   1.72%
OPCODES                        1,428,629   0.49%
PRECOMPILES                            0   0.00%
MEMORY                           606,560   0.21%
                        ------------------------
VARIABLE                       7,093,709   2.41%
BASE                         287,309,824  97.59%
                        ------------------------
TOTAL                        294,403,533 100.00%

FROPS                             22,344   0.31%
ROM USAGE                            474   0.01%

COST BY BASE OPCODE                COUNT       %            COST       %
------------------------------------------------------------------------
OP eq                              8,213  11.04%         492,780   6.95%
OP xor                             8,192  11.01%         491,520   6.93%
OP add                            24,121  32.43%         443,745   6.26%
OP ltu                                 4   0.01%             240   0.00%
OP sll                                 3   0.00%             168   0.00%
OP and                                 2   0.00%             120   0.00%
OP srl                                 1   0.00%              56   0.00%
OP pubout                             32   0.04%               0   0.00%
OP fcall_param                         2   0.00%               0   0.00%
OP fcall                               2   0.00%               0   0.00%

COST BY PRECOMPILED OPCODE           COUNT       %            COST       %
--------------------------------------------------------------------------

FROPS BY OPCODE                    COUNT    HIT            COST       %
-----------------------------------------------------------------------
FROP add                             588   2.38%          14,700   0.21%
FROP eq                               57   0.69%           3,420   0.05%
FROP srl                              31  96.88%           1,736   0.02%
FROP ltu                              14  77.78%             840   0.01%
FROP xor                              10   0.12%             600   0.01%
FROP and                               9  81.82%             540   0.01%
FROP sll                               8  72.73%             448   0.01%
FROP lt                                1 100.00%              60   0.00%

TOP STEP FUNCTIONS (STEPS, % STEPS, CALLS, STEPS/CALL, FUNCTION)
----------------------------------------------------------------
         74,205  99.75%          1          74,205 guest_main
             99   0.13%          1              99 weigh

TOP COST FUNCTIONS (COST, % VARIABLE COST, CALLS, COST/CALL, FUNCTION)
----------------------------------------------------------------------
      7,079,842  99.80%          1       7,079,842 guest_main
          7,507   0.11%          1           7,507 weigh


--- stderr

--- exit 0 wall 0.155s
